
> mercor-affiliate-blog@1.0.0 build
> eleventy

[11ty] Writing _site/posts/creative/index.html from ./src/posts/creative.md (liquid)
[11ty] Writing _site/posts/data/index.html from ./src/posts/data.md (liquid)
[11ty] Writing _site/posts/engineering/index.html from ./src/posts/engineering.md (liquid)
[11ty] Writing _site/posts/finance/index.html from ./src/posts/finance.md (liquid)
[11ty] Writing _site/posts/language/index.html from ./src/posts/language.md (liquid)
[11ty] Writing _site/posts/law/index.html from ./src/posts/law.md (liquid)
[11ty] Writing _site/posts/medicine/index.html from ./src/posts/medicine.md (liquid)
[11ty] Writing _site/posts/misc/index.html from ./src/posts/misc.md (liquid)
[11ty] Writing _site/posts/operations/index.html from ./src/posts/operations.md (liquid)
[11ty] Writing _site/posts/sciences/index.html from ./src/posts/sciences.md (liquid)
[11ty] Writing _site/posts/tech/index.html from ./src/posts/tech.md (liquid)
[11ty] Writing _site/posts/example-post/index.html from ./src/posts/example-post.md (liquid)
[11ty] Writing _site/posts/creative/example-post2/index.html from ./src/posts/creative/example-post2.md (liquid)
[11ty] Writing _site/posts/creative/example-post/index.html from ./src/posts/creative/example-post.md (liquid)
[11ty] Writing _site/categories/data/index.html from ./src/categories/data.njk
[11ty] Writing _site/index.html from ./src/index.njk
[11ty] Writing _site/categories/creative/index.html from ./src/categories/creative.njk
[11ty] Writing _site/categories/engineering/index.html from ./src/categories/engineering.njk
[11ty] Writing _site/categories/finance/index.html from ./src/categories/finance.njk
[11ty] Writing _site/categories/language/index.html from ./src/categories/language.njk
[11ty] Writing _site/categories/law/index.html from ./src/categories/law.njk
[11ty] Writing _site/categories/medicine/index.html from ./src/categories/medicine.njk
[11ty] Writing _site/categories/misc/index.html from ./src/categories/misc.njk
[11ty] Writing _site/categories/operations/index.html from ./src/categories/operations.njk
[11ty] Writing _site/categories/sciences/index.html from ./src/categories/sciences.njk
[11ty] Writing _site/categories/tech/index.html from ./src/categories/tech.njk
[11ty] Copied 13 files / Wrote 26 files in 0.73 seconds (28.1ms each, v2.0.1)
