Thank you for providing the detailed analysis and issues report specific to the Mercor Affiliate Blog system. As required, I will now provide script snippets that address the identified problems in each script mentioned.

### Corrections for MercorDebug_raw_20260806_191503.ps1

Firstly, let's correct the `Run-Orchestrator` function by properly handling potential exceptions using a try-catch block and outputting a detailed error message. 

```powershell
function Run-Orchestrator {
    try {
        Log "Running Orchestrator..."
        & ".\Orchestrator.ps1"
        return $true
    }
    catch {
        Write-Error "Error running Orchestrator: $($_.Exception.Message)"
        return $false
    }
}
```

Next, let's enhance the `Log` function to include timestamps in a standard format for consistency:

```powershell
function Log($text) {
    $timestamp = Get-Date -Format "yyyy-MM-dd HH:mm:ss"
    "$timestamp - $text" | Out-File -FilePath "mercordebug.log" -Append
}
```

Finally, let's correct the placeholder function `Auto-Fix` to accept parameters and log these details correctly:

```powershell
function Auto-Fix {
    param(
        [string]$file,
        [int]$attempt
    )
    Log "Auto-Fix executed for $file (attempt $attempt)."
}
```

### Additional Notes

- Ensure any function or script that may fail includes comprehensive error handling and logging.
- Consider using `Start-Job` with proper wait times to ensure execution isn't premature terminated.
- For GitHub Actions integration, explicitly check the exit code of commands and handle accordingly (e.g., use `-eq 0` for success).
- Implement retry logic for key network calls like `Invoke-RestMethod` or `Invoke-WebRequest`.
  
These amendments will help in making the script more robust and compliant with best practices. For more specific issues like handling paths with spaces, category logic correction, metadata URL issues etc., please let me know which scripts you require further details on to proceed with the correction process.
