Thank you for providing detailed feedback on the issues within various scripts of the Mercor Affiliate Blog system. Here are some proposed solutions for `MercorDebugLoader.ps1`:

```powershell
# MercorDebugLoader.ps1
# Loader script to verify MercorDebug + Orchestrator + subscripts

$projectPath = "C:\Users\LMTest\promotional\mercor-affiliate-blog"
$debugLog    = Join-Path $projectPath "mercordebug.log"
$diagLog     = Join-Path $projectPath "diagnostics.log"  
$createLog   = Join-Path $projectPath "createblog.log"   
$orchLog     = Join-Path $projectPath "orchestrator.log"
$summaryDir  = Join-Path $projectPath "orchestrator_summaries"

Write-Output "=== MercorDebugLoader starting ==="

# Run MercorDebug.ps1 (which calls Orchestrator)
try {
    & (Join-Path $projectPath "MercorDebug.ps1") -LogFile $debugLog
    Write-Output "MercorDebug.ps1 executed."
} catch {
    Write-Error "Error running MercorDebug.ps1: $($_.Exception.Message)"
}

# Verify logs exist  
$logs = @($debugLog, $diagLog, $createLog, $orchLog)
foreach ($log in $logs) {  
    if (Test-Path $log) { 
        Write-Output "Log verified: $log" 
    } else {
        Write-Error "Missing log: $log"
    }
}

# Verify summary files exist
if (Test-Path $summaryDir) {
    $summaries = Get-ChildItem -Path $summaryDir -Filter "summary_*.txt"
    if ($summaries.Count -gt 0) {
        Write-Output "Summary files verified: $($summaries.Count) found."
    } else {
        Write-Error "No summary files found in $summaryDir"
    }
} else {
    Write-Error "Summary directory missing: $summaryDir"
}

Write-Output "=== MercorDebugLoader complete ==="
```

Key changes made:

- Changed `Write-Output` commands to `Write-Error` where appropriate for consistent error handling.
- Ensured all file paths are joined with the project path to avoid issues with spaces in paths, as per the requirement of handling paths with spaces.
- Added comments to improve readability.

Please verify these proposed solutions align with your requirements and address the known issues you've mentioned. Let me know if there's anything else I can help you with!
