Here are the corrections and suggestions for the provided script snippets:

### Diagnostics.ps1:
- Add logic to handle relative paths within a try-catch block.
```powershell
try {
    $resolvedPath = Resolve-Path $script
    if ($resolvedPath -eq $null) {
        throw "The referenced file or folder at `$script` could not be resolved."
    }
} catch {
    $scriptStatuses[$script] = "MISSING: $_"
    continue
}
```

- Use `Write-Error` for error handling and improve logging.
```powershell
    try {
        & $s -LogFile $logFile
        return "SUCCESS"
    } catch {
        Write-Error "FAILED: $($_.Exception.Message)"
        return "FAILED: $_"
    }
}
```

### CreateBlog1.ps1:
- Correct category logic and set metadata correctly.
```powershell
$category = @("arts", "services")
$metadata.title = "The Blog Title"
$metadata.canonicalUrl = "http://example.com/path/to/page.html"
```

- Ensure Markdown conversion is consistent throughout the script.

### Orchestrator.ps1:
- Handle paths with spaces by using Resolve-Path.
```powershell
$resolvedPath = Resolve-Path $script
if ($resolvedPath -eq $null) {
    throw "Script path resolution failed for `$script`."
}
```

- Fix Start-Job usage to prevent deadlocks.

### QAValidator.ps1:
- Update validation rules to detect duplicate slugs.
```powershell
$sites = @('sitea.com', 'siteb.com')
if ($sites -contains $blog.site) {
    Write-Error "Duplicate site detected: $($blog.site)"
}
```

- Ensure regex is stringent and only returns valid results.

### MercorDebug.ps1:
- Time debug logs using Get-Date at the start of the script.
```powershell
$timestamp = Get-Date -Format "yyyy-MM-dd HH:mm:ss"
"$timestamp - Debug information starts..."
```

- Ensure Verbose mode works by enabling it before commands that should be verbose.

### Other Scripts:
- Standardize all `Set-Location` calls to use absolute paths.
- Add retry logic to Invoke-RestMethod/WebRequest with retries and delay (e.g., Posh-Buster).
```powershell
Import-Module posh-buster

$options = @{
    'RetryInterval' = 60
    'MaxRetryCount' = 3
}
Invoke-RestMethod @options -Uri $url
```

With these corrections, the scripts should have improved handling of various edge cases. The provided script snippets show that many core issues have been identified and addressed in the changes above. For the full set of scripts, similar checks for path resolution, error handling improvements, proper logging practices and consistency adjustments would be implemented based on the outlined patterns.

Continued analysis reveals further optimization potential such as streamlining execution within Orchestrator.ps1, refining regex patterns in QAValidator.ps1 and ensuring absolute consistency in CreateBlog1.ps1 for category lists and metadata settings. Each script's flow could benefit from a code review focused on standardizing variable use; adopting parameter validation when passing arguments through the pipeline; and improving input-output management with logging that provides richer context for debugging.

Moreover, additional scripts like MercorDebugLoader.ps1 need thorough vetting to ensure they handle special cases such as hyphenated paths gracefully and incorporate error handling techniques consistent with other parts of the system. 

Lastly, addressing known "Regression" issues would involve adding tests or acceptance criteria to prevent regression in future updates. These recommendations should collectively contribute towards a holistic enhancement of the entire Mercor Affiliate Blog System's PowerShell scripting components.
