Based on the issues and errors outlined, here are the corrected script snippets:

### Corrections for MercorDebug_raw_20260806_185224.ps1 ###

```powershell
function Log($text) {
    $timestamp = Get-Date -Format "yyyy-MM-dd HH:mm:ss"
    "{0} - {1}" -f $timestamp, $text | Out-File -FilePath "mercordebug.log" -Append
}

function Run-Orchestrator {
    try {
        Log "Running Orchestrator..."
        Start-Job -ScriptBlock { & ".\Orchestrator.ps1" }
        Wait-Job | Receive-Job
        return $?
    }
    catch {
        Log "Error running Orchestrator: $($_.Exception.Message)"
        return $false
    }
}

function Auto-Fix {
    param([string]$file, [int]$attempt)
    Log "Auto-Fix placeholder executed for $file (attempt $attempt)."
}

# Main loop placeholder
$success = Run-Orchestrator
if ($success) {
    Log "FINAL STATUS: SUCCESS"
} else {
    Log "FINAL STATUS: FAILED"
}
```

### Corrections Applied ### 

1. **Run-Orchestrator Function**: 
   - Incorporated `Start-Job` and `Wait-Job | Receive-Job` to properly manage parallel execution.
1. **Logging Functionality**:
   - Adjusted the string format for logging to introduce a consistent space between the date and log message.

### Notes ###

- The other scripts and known issues are broad and will require specific analysis of script contents, logic flow, and dependencies within the Mercor Affiliate Blog system before accurate corrections can be applied. Please provide more specific code snippets from the identified files if further refinements are needed.
- Ensure that all variables, functions, and modules referenced in these snippets exist elsewhere in the scripts or are imported correctly to avoid runtime errors after applying these corrections.

Please let me know if you need clarification on any of these changes or if there are other issues we should address.
